2026-09-22T11:11:17-04:00 jc kernel: rfkill: input handler enabled
2026-09-22T11:11:17-04:00 jc kernel: kauditd_printk_skb: 3 callbacks suppressed
2026-09-22T11:11:17-04:00 jc kernel: audit: type=1400 audit(1790089877.862:252): apparmor="DENIED" operation="capable" class="cap" profile="fusermount3" pid=6419 comm="fusermount3" capability=1  capname="dac_override"
2026-09-22T11:11:17-04:00 jc kernel: audit: type=1400 audit(1790089877.862:253): apparmor="DENIED" operation="capable" class="cap" profile="fusermount3" pid=6419 comm="fusermount3" capability=7  capname="setuid"
2026-09-22T11:11:17-04:00 jc kernel: audit: type=1400 audit(1790089877.862:254): apparmor="DENIED" operation="capable" class="cap" profile="fusermount3" pid=6421 comm="fusermount3" capability=7  capname="setuid"
2026-09-22T11:11:18-04:00 jc kernel: rfkill: input handler disabled
2026-09-22T11:11:20-04:00 jc kernel: audit: type=1400 audit(1790089880.471:255): apparmor="DENIED" operation="capable" class="cap" profile="fusermount3" pid=7301 comm="fusermount3" capability=1  capname="dac_override"
2026-09-22T11:11:20-04:00 jc kernel: audit: type=1400 audit(1790089880.471:256): apparmor="DENIED" operation="capable" class="cap" profile="fusermount3" pid=7301 comm="fusermount3" capability=7  capname="setuid"
2026-09-22T11:11:20-04:00 jc kernel: audit: type=1400 audit(1790089880.471:257): apparmor="DENIED" operation="capable" class="cap" profile="fusermount3" pid=7323 comm="fusermount3" capability=7  capname="setuid"
2026-09-22T11:11:20-04:00 jc kernel: audit: type=1400 audit(1790089880.473:258): apparmor="DENIED" operation="mount" class="mount" info="failed mntpnt match" error=-13 profile="fusermount3" name="/" pid=7344 comm="fusermount3" flags="rw, rprivate"
2026-09-22T11:12:22-04:00 jc kernel: wlP4p1s0: deauthenticating from 22:36:26:d8:29:23 by local choice (Reason: 3=DEAUTH_LEAVING)
2026-09-22T11:12:23-04:00 jc kernel: PM: suspend entry (s2idle)
2026-09-22T11:12:23-04:00 jc kernel: Filesystems sync: 0.004 seconds
2026-09-22T11:14:44-04:00 jc kernel: Freezing user space processes
2026-09-22T11:14:44-04:00 jc kernel: Freezing user space processes completed (elapsed 0.001 seconds)
2026-09-22T11:14:44-04:00 jc kernel: OOM killer disabled.
2026-09-22T11:14:44-04:00 jc kernel: Freezing remaining freezable tasks
2026-09-22T11:14:44-04:00 jc kernel: Freezing remaining freezable tasks completed (elapsed 0.002 seconds)
2026-09-22T11:14:44-04:00 jc kernel: printk: Suspending console(s) (use no_console_suspend to debug)
2026-09-22T11:14:44-04:00 jc kernel: dwc3-qcom a800000.usb: port-1 HS-PHY not in L2
2026-09-22T11:14:44-04:00 jc kernel: dwc3-qcom a600000.usb: port-1 HS-PHY not in L2
2026-09-22T11:14:44-04:00 jc kernel: qcom-pcie 1bf0000.pcie: Timeout waiting for L2 entry! LTSSM: 0x11
2026-09-22T11:14:44-04:00 jc kernel: qcom-pcie 1bf0000.pcie: PCIe Gen.3 x1 link up
2026-09-22T11:14:44-04:00 jc kernel: qcom-pcie 1b40000.pcie: PCIe Gen.4 x4 link up
2026-09-22T11:14:44-04:00 jc kernel: ath12k_wifi7_pci 0004:01:00.0: A16: resume -- not resetting the device (MHI state 0x0); the firmware should still be running
2026-09-22T11:14:44-04:00 jc kernel: mhi mhi0: Requested to power ON
2026-09-22T11:14:44-04:00 jc kernel: mhi mhi0: Power on setup success
2026-09-22T11:14:44-04:00 jc kernel: mhi mhi0: Wait for device to enter SBL or Mission mode
2026-09-22T11:14:44-04:00 jc kernel: ath12k_wifi7_pci 0004:01:00.0: A16: resume -- MHI state after power up: 0x2 (0x1 = M0, 0x2 = M1: either way the device is still in mission mode)
2026-09-22T11:14:44-04:00 jc kernel: ath12k_wifi7_pci 0004:01:00.0: A16: resume -- device kept across the suspend; re-attaching the driver to it
2026-09-22T11:14:44-04:00 jc kernel: nvme nvme0: D3 entry latency set to 10 seconds
2026-09-22T11:14:44-04:00 jc kernel: ath12k_wifi7_pci 0004:01:00.0: qmi wlan config request failed, result: 1, err: 90
2026-09-22T11:14:44-04:00 jc kernel: ath12k_wifi7_pci 0004:01:00.0: qmi failed to send wlan cfg:-22
2026-09-22T11:14:44-04:00 jc kernel: ath12k_wifi7_pci 0004:01:00.0: failed to send firmware start: -22
2026-09-22T11:14:44-04:00 jc kernel: ath12k_wifi7_pci 0004:01:00.0: failed to start firmware: -22
2026-09-22T11:14:44-04:00 jc kernel: ath12k_wifi7_pci 0004:01:00.0: failed to reconfigure driver on crash recovery
2026-09-22T11:14:44-04:00 jc kernel: nvme nvme0: 16/0/0 default/read/poll queues
2026-09-22T11:14:44-04:00 jc kernel: xhci-hcd xhci-hcd.1.auto: WARNING: Host System Error
2026-09-22T11:14:44-04:00 jc kernel: arm-smmu 15000000.iommu: Unhandled context fault: fsr=0x402, iova=0xc73f884540, fsynr=0x310011, cbfrsynra=0xda0, cb=11
2026-09-22T11:14:44-04:00 jc kernel: arm-smmu 15000000.iommu: FSR    = 00000402 [Format=2 TF], SID=0xda0
2026-09-22T11:14:44-04:00 jc kernel: arm-smmu 15000000.iommu: FSYNR0 = 00310011 [S1CBNDX=49 WNR PLVL=1]
2026-09-22T11:14:44-04:00 jc kernel: xhci-hcd xhci-hcd.1.auto: xHCI host not responding to stop endpoint command
2026-09-22T11:14:44-04:00 jc kernel: xhci-hcd xhci-hcd.1.auto: xHCI host controller not responding, assume dead
2026-09-22T11:14:44-04:00 jc kernel: xhci-hcd xhci-hcd.1.auto: HC died; cleaning up
2026-09-22T11:14:44-04:00 jc kernel: xhci-hcd xhci-hcd.1.auto: Timeout while waiting for stop endpoint command
2026-09-22T11:14:44-04:00 jc kernel: ath12k_wifi7_pci 0004:01:00.0: timeout while waiting for restart complete
2026-09-22T11:14:44-04:00 jc kernel: ath12k_wifi7_pci 0004:01:00.0: A16: resume failed -- refusing to use the device (no WiFi until a reboot or 'sudo ~/a16.sh radiofix revive')
2026-09-22T11:14:44-04:00 jc kernel: ath12k_wifi7_pci 0004:01:00.0: A16: resume timed out -- no firmware-ready event arrived after the resume
2026-09-22T11:14:44-04:00 jc kernel: ath12k_wifi7_pci 0004:01:00.0: failed to resume core: -110
2026-09-22T11:14:44-04:00 jc kernel: ath12k_wifi7_pci 0004:01:00.0: PM: dpm_run_callback(): pci_pm_resume returns -110
2026-09-22T11:14:44-04:00 jc kernel: ath12k_wifi7_pci 0004:01:00.0: PM: failed to resume async: error -110
2026-09-22T11:14:44-04:00 jc kernel: OOM killer enabled.
2026-09-22T11:14:44-04:00 jc kernel: Restarting tasks: Starting
2026-09-22T11:14:44-04:00 jc kernel: Restarting tasks: Done
2026-09-22T11:14:44-04:00 jc kernel: efivarfs: resyncing variable state
2026-09-22T11:14:44-04:00 jc kernel: usb 2-2: USB disconnect, device number 2
2026-09-22T11:14:44-04:00 jc kernel: efivarfs: finished resyncing variable state
2026-09-22T11:14:44-04:00 jc kernel: random: crng reseeded on system resumption
2026-09-22T11:14:44-04:00 jc kernel: PM: suspend exit
2026-09-22T11:14:44-04:00 jc kernel: ath12k_wifi7_pci 0004:01:00.0: failed to send WMI_PDEV_SET_PARAM cmd
2026-09-22T11:14:44-04:00 jc kernel: ath12k_wifi7_pci 0004:01:00.0: failed to enable PMF QOS: -108
2026-09-22T11:14:44-04:00 jc kernel: ath12k_wifi7_pci 0004:01:00.0: fail to start mac operations in pdev idx 0 ret -108
2026-09-22T11:14:44-04:00 jc kernel: ath12k_wifi7_pci 0004:01:00.0: failed to send WMI_PDEV_SET_PARAM cmd
2026-09-22T11:14:44-04:00 jc kernel: ath12k_wifi7_pci 0004:01:00.0: failed to enable PMF QOS: -108
2026-09-22T11:14:44-04:00 jc kernel: ath12k_wifi7_pci 0004:01:00.0: fail to start mac operations in pdev idx 0 ret -108
2026-09-22T11:14:54-04:00 jc kernel: ath12k_wifi7_pci 0004:01:00.0: failed to send WMI_PDEV_SET_PARAM cmd
2026-09-22T11:14:54-04:00 jc kernel: ath12k_wifi7_pci 0004:01:00.0: failed to enable PMF QOS: -108
2026-09-22T11:14:54-04:00 jc kernel: ath12k_wifi7_pci 0004:01:00.0: fail to start mac operations in pdev idx 0 ret -108
2026-09-22T11:16:05-04:00 jc kernel: Unable to handle kernel NULL pointer dereference at virtual address 0000000000000050
2026-09-22T11:16:05-04:00 jc kernel: Mem abort info:
2026-09-22T11:16:05-04:00 jc kernel:   ESR = 0x0000000096000004
2026-09-22T11:16:05-04:00 jc kernel:   EC = 0x25: DABT (current EL), IL = 32 bits
2026-09-22T11:16:05-04:00 jc kernel:   SET = 0, FnV = 0
2026-09-22T11:16:05-04:00 jc kernel:   EA = 0, S1PTW = 0
2026-09-22T11:16:05-04:00 jc kernel:   FSC = 0x04: level 0 translation fault
2026-09-22T11:16:05-04:00 jc kernel: Data abort info:
2026-09-22T11:16:05-04:00 jc kernel:   ISV = 0, ISS = 0x00000004, ISS2 = 0x00000000
2026-09-22T11:16:06-04:00 jc kernel:   CM = 0, WnR = 0, TnD = 0, TagAccess = 0
2026-09-22T11:16:06-04:00 jc kernel:   GCS = 0, Overlay = 0, DirtyBit = 0
2026-09-22T11:16:06-04:00 jc kernel: user pgtable: 4k pages, 48-bit VAs, pgdp=000000091fa11000
2026-09-22T11:16:06-04:00 jc kernel: [0000000000000050] pgd=0000000000000000, p4d=0000000000000000
2026-09-22T11:16:06-04:00 jc kernel: Internal error: Oops: 0000000096000004 [#1]  SMP
2026-09-22T11:16:06-04:00 jc kernel: Modules linked in: reset_gpio(E) snd_soc_wsa884x(E) regmap_sdw(E) gpio_shared_proxy(E) q6apm_lpass_dais(E) q6prm_clocks(E) snd_q6dsp_common(E) q6apm_dai(E) q6prm(E) snd_seq_dummy(E) snd_hrtimer(E) rfcomm(E) algif_hash(E) algif_skcipher(E) af_alg(E) bnep(E) snd_soc_hdmi_codec(E) qrtr_mhi(E) snd_q6apm(E) apr(E) binfmt_misc(E) nls_iso8859_1(E) panel_samsung_atna33xc20(E) fastrpc(E) rpmsg_ctrl(E) rpmsg_char(E) qrtr_smd(E) qcom_pd_mapper(E) ath12k_wifi7(E) msm(OE) ath12k(OE) soundwire_qcom(E) snd_soc_x1e80100(E) hci_uart(E) snd_soc_lpass_va_macro(E) snd_soc_lpass_wsa_macro(E) snd_soc_qcom_sdw(E) slimbus(E) snd_soc_lpass_macro_common(E) btqca(E) btrtl(E) btbcm(E) snd_soc_qcom_common(E) btintel(E) soundwire_bus(E) snd_seq_midi(E) mac80211(E) snd_soc_core(E) snd_seq_midi_event(E) pm8941_pwrkey(E) bluetooth(E) snd_compress(E) snd_rawmidi(E) ac97_bus(E) qcom_spmi_temp_alarm(E) ocmem(E) snd_pcm_dmaengine(E) industrialio(E) snd_pcm(E) snd_seq(E) ubwc_config(E) gpu_sched(E) qcom_q6v5_pas(E) snd_seq_device(E)
2026-09-22T11:16:06-04:00 jc kernel:  cfg80211(E) qcom_pil_info(E) drm_gpuvm(E) asus_glymur_ec(OE) drm_exec(E) qcom_q6v5(E) snd_timer(E) qcom_sysmon(E) drm_dp_aux_bus(E) qcom_tsens(E) mhi(E) mdt_loader(E) libarc4(E) drm_display_helper(E) qcomtee(E) qcom_common(E) snd(E) qcom_glink_smem(E) qcom_glink(E) cec(E) soundcore(E) rc_core(E) gpucc_glymur(OE) qcom_smd(E) tee(E) leds_gpio(E) simple_bridge(E) display_connector(E) input_leds(E) joydev(E) sch_fq_codel(E) efi_pstore(E) hid_asus(E) usbhid(E) hid_multitouch(E) uas(E) usb_storage(E) nvme(E) hid_generic(E) nvme_core(E) i2c_hid_of(E) nvme_keyring(E) i2c_hid_acpi_prp0001(E) nvme_auth(E) xhci_plat_hcd(E) i2c_hid(E) phy_nxp_ptn3222(E) hid(E) i2c_qcom_geni(E) nvmem_qcom_spmi_sdam(E) qcom_pon(E) reboot_mode(E) phy_qcom_eusb2_repeater(E) rtc_pm8xxx(E) pinctrl_spmi_gpio(E) qcom_spmi_pmic(E) regmap_spmi(E) socinfo(E) qcom_battmgr(E) ucsi_glink(E) pmic_glink_altmode(E) typec_ucsi(E) aux_hpd_bridge(E) phy_qcom_qmp_combo(E) dwc3_qcom(E) aux_bridge(E) dwc3(E) spmi_pmic_arb(E) typec(E) qcom_stats(E)
2026-09-22T11:16:06-04:00 jc kernel:  camcc_glymur(E) spmi_devres(E) ulpi(E) pinctrl_glymur(E) phy_qcom_qmp_usb(E) phy_qcom_edp(E) spmi(E) phy_qcom_m31_eusb2(E) dispcc_glymur(E) gpi(E) thunderbolt(E) udc_core(E) videocc_glymur(E) qcom_aoss(E) evacc_glymur(E) pinctrl_sm8650_lpass_lpi(E) pinctrl_lpass_lpi(E) aes_ce_blk(E) llcc_qcom(E) nvmem_qfprom(E) ghash_ce(E) gxclkctl_kaanapali(E) gf128mul(E) tcsrcc_glymur(E) sm4_ce_gcm(E) qcom_rpmh_regulator(E) qcom_hwspinlock(E) bam_dma(E) phy_qcom_qmp_pcie(E) sm4_ce_ccm(E) qcom_cpucp_mbox(E) icc_bwmon(E) gcc_glymur(E) qrtr(E) sm4_ce(E) sm4_ce_cipher(E) sm4(E) smp2p(E) pwrseq_pcie_m2(E) gpio_keys(E) pmic_glink(E) pdr_interface(E) qcom_pdr_msg(E) qcom_smem(E) qmi_helpers(E) rpmsg_core(E) fixed(E) qnoc_glymur(E) dmi_sysfs(E) autofs4(E)
2026-09-22T11:16:06-04:00 jc kernel: CPU: 6 UID: 0 PID: 9337 Comm: bash Tainted: G           OE       7.3.0-rc3-next-20260914 #1 PREEMPT(lazy) 
2026-09-22T11:16:06-04:00 jc kernel: Tainted: [O]=OOT_MODULE, [E]=UNSIGNED_MODULE
2026-09-22T11:16:06-04:00 jc kernel: Hardware name: ASUS Zenbook A16 UX3607OA/UX3607OA, BIOS UX3607OA.312 07/12/2026
2026-09-22T11:16:06-04:00 jc kernel: pstate: 81400009 (Nzcv daif +PAN -UAO -TCO +DIT -SSBS BTYPE=--)
2026-09-22T11:16:06-04:00 jc kernel: pc : hwmon_device_unregister+0x38/0x100
2026-09-22T11:16:06-04:00 jc kernel: lr : ath12k_thermal_cleanup_radio+0x6c/0x120 [ath12k]
2026-09-22T11:16:06-04:00 jc kernel: sp : ffff800098c1b8b0
2026-09-22T11:16:06-04:00 jc kernel: x29: ffff800098c1b8c0 x28: ffff00081910c580 x27: 0000000000000000
2026-09-22T11:16:06-04:00 jc kernel: x26: ffff00083ba50000 x25: 000000000000c668 x24: 000000000000a108
2026-09-22T11:16:06-04:00 jc kernel: x23: 0000000000000040 x22: ffff00081e080800 x21: ffff000819ce30d0
2026-09-22T11:16:06-04:00 jc kernel: x20: ffff00083ba50000 x19: 0000000000000000 x18: ffff80009412d0b0
2026-09-22T11:16:06-04:00 jc kernel: x17: 0000000000000000 x16: ffffd337ff8b7948 x15: 0000b7029b722210
2026-09-22T11:16:06-04:00 jc kernel: x14: ffffffffffffffff x13: 0000000000000000 x12: 0000000000000040
2026-09-22T11:16:06-04:00 jc kernel: x11: 0101010101010101 x10: 000000000018d1e8 x9 : ffffd3378831d7f4
2026-09-22T11:16:06-04:00 jc kernel: x8 : ffff800098c1b958 x7 : 0000000000000000 x6 : 000000000000cae0
2026-09-22T11:16:06-04:00 jc kernel: x5 : 0000000000000000 x4 : 0000000000000000 x3 : 0000000000000000
2026-09-22T11:16:06-04:00 jc kernel: x2 : ffff00083ba58000 x1 : 0000000000000000 x0 : ffff00081910c580
2026-09-22T11:16:06-04:00 jc kernel: Call trace:
2026-09-22T11:16:06-04:00 jc kernel:  hwmon_device_unregister+0x38/0x100 (P)
2026-09-22T11:16:06-04:00 jc kernel:  ath12k_thermal_cleanup_radio+0x6c/0x120 [ath12k]
2026-09-22T11:16:06-04:00 jc kernel:  ath12k_thermal_unregister+0x3c/0x90 [ath12k]
2026-09-22T11:16:06-04:00 jc kernel:  ath12k_core_hw_group_stop+0x9c/0x160 [ath12k]
2026-09-22T11:16:06-04:00 jc kernel:  ath12k_core_hw_group_cleanup+0x4c/0x138 [ath12k]
2026-09-22T11:16:06-04:00 jc kernel:  ath12k_pci_remove+0x7c/0x340 [ath12k]
2026-09-22T11:16:06-04:00 jc kernel:  pci_device_remove+0x54/0x118
2026-09-22T11:16:06-04:00 jc kernel:  device_remove+0x58/0xc0
2026-09-22T11:16:06-04:00 jc kernel:  device_release_driver_internal+0x218/0x2f8
2026-09-22T11:16:06-04:00 jc kernel:  device_driver_detach+0x24/0x50
2026-09-22T11:16:06-04:00 jc kernel:  unbind_store+0xd4/0xe8
2026-09-22T11:16:06-04:00 jc kernel:  drv_attr_store+0x30/0x88
2026-09-22T11:16:06-04:00 jc kernel:  sysfs_kf_write+0x88/0xc8
2026-09-22T11:16:06-04:00 jc kernel:  kernfs_fop_write_iter+0x170/0x228
2026-09-22T11:16:06-04:00 jc kernel:  vfs_write+0x278/0x3c0
2026-09-22T11:16:06-04:00 jc kernel:  ksys_write+0x70/0x130
2026-09-22T11:16:06-04:00 jc kernel:  __arm64_sys_write+0x24/0x50
2026-09-22T11:16:06-04:00 jc kernel:  invoke_syscall.constprop.0+0xb0/0x130
2026-09-22T11:16:06-04:00 jc kernel:  el0_svc_common.constprop.0+0x44/0x140
2026-09-22T11:16:06-04:00 jc kernel:  do_el0_svc+0x28/0x58
2026-09-22T11:16:06-04:00 jc kernel:  el0_svc+0x48/0x310
2026-09-22T11:16:06-04:00 jc kernel:  el0t_64_sync_handler+0xc0/0x110
2026-09-22T11:16:06-04:00 jc kernel:  el0t_64_sync+0x1b8/0x1c0
2026-09-22T11:16:06-04:00 jc kernel: Code: f9440001 f90007e1 d2800001 b90007ff (f9402a60) 
2026-09-22T11:16:06-04:00 jc kernel: ---[ end trace 0000000000000000 ]---
2026-09-22T11:16:06-04:00 jc kernel: rcu: INFO: rcu_preempt detected stalls on CPUs/tasks:
2026-09-22T11:16:06-04:00 jc kernel: rcu:         6-...0: (1 GPs behind) idle=b834/1/0x4000000000000000 softirq=6091/6092 fqs=13863
2026-09-22T11:16:06-04:00 jc kernel: rcu:                  hardirqs   softirqs   csw/system
2026-09-22T11:16:06-04:00 jc kernel: rcu:          number:        0          0            0
2026-09-22T11:16:06-04:00 jc kernel: rcu:         cputime:        0          0            0   ==> 30000(ms)
2026-09-22T11:16:06-04:00 jc kernel: rcu:         (detected by 10, t=60002 jiffies, g=22909, q=1394 ncpus=18)
2026-09-22T11:16:06-04:00 jc kernel: Sending NMI from CPU 10 to CPUs 6:
2026-09-22T11:16:06-04:00 jc kernel: After 10 seconds, these CPUS still haven't responded to the NMI: 6
2026-09-22T11:16:06-04:00 jc kernel: rcu: rcu_preempt kthread starved for 9997 jiffies! g22909 f0x0 RCU_GP_DOING_FQS(6) ->state=R ->cpu=3
2026-09-22T11:16:06-04:00 jc kernel: rcu:         Unless rcu_preempt kthread gets sufficient CPU time, OOM is now expected behavior.
2026-09-22T11:16:06-04:00 jc kernel: rcu: RCU grace-period kthread stack dump:
2026-09-22T11:16:06-04:00 jc kernel: task:rcu_preempt     state:R  running task     stack:0     pid:15    tgid:15    ppid:2      task_flags:0x208040 flags:0x00000010
2026-09-22T11:16:06-04:00 jc kernel: Call trace:
2026-09-22T11:16:06-04:00 jc kernel:  __switch_to+0x17c/0x428 (T)
2026-09-22T11:16:06-04:00 jc kernel:  __schedule+0x440/0x1a78
2026-09-22T11:16:06-04:00 jc kernel:  schedule+0x40/0x110
2026-09-22T11:16:06-04:00 jc kernel:  schedule_timeout+0x8c/0x148
2026-09-22T11:16:06-04:00 jc kernel:  rcu_gp_fqs_loop+0x120/0x490
2026-09-22T11:16:06-04:00 jc kernel:  rcu_gp_kthread+0x120/0x180
2026-09-22T11:16:06-04:00 jc kernel:  kthread+0x138/0x150
2026-09-22T11:16:06-04:00 jc kernel:  ret_from_fork+0x10/0x20
2026-09-22T11:16:06-04:00 jc kernel: rcu: Stack dump where RCU GP kthread last ran:
2026-09-22T11:16:06-04:00 jc kernel: Sending NMI from CPU 10 to CPUs 3:
2026-09-22T11:16:06-04:00 jc kernel: NMI backtrace for cpu 3
2026-09-22T11:16:06-04:00 jc kernel: CPU: 3 UID: 0 PID: 0 Comm: swapper/3 Tainted: G      D    OE       7.3.0-rc3-next-20260914 #1 PREEMPT(lazy) 
2026-09-22T11:16:06-04:00 jc kernel: Tainted: [D]=DIE, [O]=OOT_MODULE, [E]=UNSIGNED_MODULE
2026-09-22T11:16:06-04:00 jc kernel: Hardware name: ASUS Zenbook A16 UX3607OA/UX3607OA, BIOS UX3607OA.312 07/12/2026
2026-09-22T11:16:06-04:00 jc kernel: pstate: 61400009 (nZCv daif +PAN -UAO -TCO +DIT -SSBS BTYPE=--)
2026-09-22T11:16:06-04:00 jc kernel: pc : cpuidle_enter_state+0xd0/0x970
2026-09-22T11:16:06-04:00 jc kernel: lr : cpuidle_enter_state+0xc4/0x970
2026-09-22T11:16:06-04:00 jc kernel: sp : ffff8000801abd70
2026-09-22T11:16:06-04:00 jc kernel: x29: ffff8000801abd70 x28: 0000000000000000 x27: 0000000000000000
2026-09-22T11:16:06-04:00 jc kernel: x26: 000000390bf686df x25: 0000000000000000 x24: 000000390bf62879
2026-09-22T11:16:06-04:00 jc kernel: x23: 0000000000000000 x22: ffff0008017fa880 x21: ffff008af9ca39f8
2026-09-22T11:16:06-04:00 jc kernel: x20: 0000000000000000 x19: ffff0008017fa898 x18: ffff80008014d030
2026-09-22T11:16:06-04:00 jc kernel: x17: 0000000000000000 x16: 0000000000000000 x15: 0000000000000000
2026-09-22T11:16:06-04:00 jc kernel: x14: 0000000000000000 x13: 0000000000000000 x12: 0000000000000000
2026-09-22T11:16:06-04:00 jc kernel: x11: 00000000000000c0 x10: 7529d95cb1696380 x9 : ffffd337ffe1f014
2026-09-22T11:16:06-04:00 jc kernel: x8 : 0000000000000000 x7 : 0000000000000000 x6 : 0000000000000000
2026-09-22T11:16:06-04:00 jc kernel: x5 : 0000000000000000 x4 : 0000000000000000 x3 : 0000000000000000
2026-09-22T11:16:06-04:00 jc kernel: x2 : 0000000000000000 x1 : 0000000000000000 x0 : 0000000000000000
2026-09-22T11:16:06-04:00 jc kernel: Call trace:
2026-09-22T11:16:06-04:00 jc kernel:  cpuidle_enter_state+0xd0/0x970 (P)
2026-09-22T11:16:06-04:00 jc kernel:  cpuidle_enter+0x40/0x70
2026-09-22T11:16:06-04:00 jc kernel:  call_cpuidle+0x28/0xa0
2026-09-22T11:16:06-04:00 jc kernel:  do_idle+0x2c8/0x3c8
2026-09-22T11:16:06-04:00 jc kernel:  cpu_startup_entry+0x44/0x50
2026-09-22T11:16:06-04:00 jc kernel:  secondary_start_kernel+0x130/0x170
2026-09-22T11:16:06-04:00 jc kernel:  __secondary_switched+0xc8/0xd0
2026-09-22T11:16:07-04:00 jc kernel: rcu: INFO: rcu_preempt detected expedited stalls on CPUs/tasks: { 6-...D } 62746 jiffies s: 2221 root: 0x1/.
2026-09-22T11:16:07-04:00 jc kernel: rcu: blocking rcu_node structures (internal RCU debug): l=1:0-8:0x40/.
2026-09-22T11:16:07-04:00 jc kernel: Sending NMI from CPU 2 to CPUs 6:
2026-09-22T11:16:17-04:00 jc kernel: After 10 seconds, these CPUS still haven't responded to the NMI: 6
