2026-09-22T10:00:37-04:00 jc kernel: rfkill: input handler enabled
2026-09-22T10:00:37-04:00 jc kernel: kauditd_printk_skb: 7 callbacks suppressed
2026-09-22T10:00:37-04:00 jc kernel: audit: type=1400 audit(1790085637.267:252): apparmor="DENIED" operation="capable" class="cap" profile="fusermount3" pid=6540 comm="fusermount3" capability=1  capname="dac_override"
2026-09-22T10:00:37-04:00 jc kernel: audit: type=1400 audit(1790085637.267:253): apparmor="DENIED" operation="capable" class="cap" profile="fusermount3" pid=6540 comm="fusermount3" capability=7  capname="setuid"
2026-09-22T10:00:37-04:00 jc kernel: audit: type=1400 audit(1790085637.267:254): apparmor="DENIED" operation="capable" class="cap" profile="fusermount3" pid=6542 comm="fusermount3" capability=7  capname="setuid"
2026-09-22T10:00:38-04:00 jc kernel: rfkill: input handler disabled
2026-09-22T10:00:40-04:00 jc kernel: audit: type=1400 audit(1790085640.062:255): apparmor="DENIED" operation="capable" class="cap" profile="fusermount3" pid=7338 comm="fusermount3" capability=1  capname="dac_override"
2026-09-22T10:00:40-04:00 jc kernel: audit: type=1400 audit(1790085640.062:256): apparmor="DENIED" operation="capable" class="cap" profile="fusermount3" pid=7338 comm="fusermount3" capability=7  capname="setuid"
2026-09-22T10:00:40-04:00 jc kernel: audit: type=1400 audit(1790085640.063:257): apparmor="DENIED" operation="capable" class="cap" profile="fusermount3" pid=7341 comm="fusermount3" capability=7  capname="setuid"
2026-09-22T10:00:40-04:00 jc kernel: audit: type=1400 audit(1790085640.064:258): apparmor="DENIED" operation="mount" class="mount" info="failed mntpnt match" error=-13 profile="fusermount3" name="/" pid=7342 comm="fusermount3" flags="rw, rprivate"
2026-09-22T10:11:04-04:00 jc kernel: wlP4p1s0: deauthenticating from 22:36:26:d8:29:23 by local choice (Reason: 3=DEAUTH_LEAVING)
2026-09-22T10:11:05-04:00 jc kernel: PM: suspend entry (s2idle)
2026-09-22T10:11:05-04:00 jc kernel: Filesystems sync: 0.006 seconds
2026-09-22T10:12:44-04:00 jc kernel: Freezing user space processes
2026-09-22T10:12:44-04:00 jc kernel: Freezing user space processes completed (elapsed 0.001 seconds)
2026-09-22T10:12:44-04:00 jc kernel: OOM killer disabled.
2026-09-22T10:12:44-04:00 jc kernel: Freezing remaining freezable tasks
2026-09-22T10:12:44-04:00 jc kernel: Freezing remaining freezable tasks completed (elapsed 0.000 seconds)
2026-09-22T10:12:44-04:00 jc kernel: printk: Suspending console(s) (use no_console_suspend to debug)
2026-09-22T10:12:44-04:00 jc kernel: dwc3-qcom a800000.usb: port-1 HS-PHY not in L2
2026-09-22T10:12:44-04:00 jc kernel: dwc3-qcom a600000.usb: port-1 HS-PHY not in L2
2026-09-22T10:12:44-04:00 jc kernel: qcom-pcie 1bf0000.pcie: Timeout waiting for L2 entry! LTSSM: 0x11
2026-09-22T10:12:44-04:00 jc kernel: qcom-pcie 1bf0000.pcie: PCIe Gen.3 x1 link up
2026-09-22T10:12:44-04:00 jc kernel: qcom-pcie 1b40000.pcie: PCIe Gen.4 x4 link up
2026-09-22T10:12:44-04:00 jc kernel: ath12k_wifi7_pci 0004:01:00.0: A16: resume -- not resetting the device (MHI state 0x0); the firmware should still be running
2026-09-22T10:12:44-04:00 jc kernel: mhi mhi0: Requested to power ON
2026-09-22T10:12:44-04:00 jc kernel: mhi mhi0: Power on setup success
2026-09-22T10:12:44-04:00 jc kernel: mhi mhi0: Wait for device to enter SBL or Mission mode
2026-09-22T10:12:44-04:00 jc kernel: ath12k_wifi7_pci 0004:01:00.0: A16: resume -- MHI state after power up: 0x2 (0x2 = M0, i.e. the device is running)
2026-09-22T10:12:44-04:00 jc kernel: ath12k_wifi7_pci 0004:01:00.0: A16: resume -- device kept across the suspend; re-attaching the driver to it
2026-09-22T10:12:44-04:00 jc kernel: nvme nvme0: D3 entry latency set to 10 seconds
2026-09-22T10:12:44-04:00 jc kernel: ath12k_wifi7_pci 0004:01:00.0: qmi wlan config request failed, result: 1, err: 90
2026-09-22T10:12:44-04:00 jc kernel: ath12k_wifi7_pci 0004:01:00.0: qmi failed to send wlan cfg:-22
2026-09-22T10:12:44-04:00 jc kernel: ath12k_wifi7_pci 0004:01:00.0: failed to send firmware start: -22
2026-09-22T10:12:44-04:00 jc kernel: ath12k_wifi7_pci 0004:01:00.0: failed to start firmware: -22
2026-09-22T10:12:44-04:00 jc kernel: ath12k_wifi7_pci 0004:01:00.0: failed to reconfigure driver on crash recovery
2026-09-22T10:12:44-04:00 jc kernel: nvme nvme0: 16/0/0 default/read/poll queues
2026-09-22T10:12:44-04:00 jc kernel: xhci-hcd xhci-hcd.1.auto: WARNING: Host System Error
2026-09-22T10:12:44-04:00 jc kernel: arm-smmu 15000000.iommu: Unhandled context fault: fsr=0x402, iova=0x66b3084400, fsynr=0x310010, cbfrsynra=0xda0, cb=11
2026-09-22T10:12:44-04:00 jc kernel: arm-smmu 15000000.iommu: FSR    = 00000402 [Format=2 TF], SID=0xda0
2026-09-22T10:12:44-04:00 jc kernel: arm-smmu 15000000.iommu: FSYNR0 = 00310010 [S1CBNDX=49 WNR PLVL=0]
2026-09-22T10:12:44-04:00 jc kernel: xhci-hcd xhci-hcd.1.auto: xHCI host not responding to stop endpoint command
2026-09-22T10:12:44-04:00 jc kernel: xhci-hcd xhci-hcd.1.auto: xHCI host controller not responding, assume dead
2026-09-22T10:12:44-04:00 jc kernel: xhci-hcd xhci-hcd.1.auto: HC died; cleaning up
2026-09-22T10:12:44-04:00 jc kernel: xhci-hcd xhci-hcd.1.auto: Timeout while waiting for stop endpoint command
2026-09-22T10:12:44-04:00 jc kernel: ath12k_wifi7_pci 0004:01:00.0: timeout while waiting for restart complete
2026-09-22T10:12:44-04:00 jc kernel: ath12k_wifi7_pci 0004:01:00.0: A16: resume timed out -- no firmware-ready event arrived after the resume
2026-09-22T10:12:44-04:00 jc kernel: ath12k_wifi7_pci 0004:01:00.0: failed to resume core: -110
2026-09-22T10:12:44-04:00 jc kernel: ath12k_wifi7_pci 0004:01:00.0: PM: dpm_run_callback(): pci_pm_resume returns -110
2026-09-22T10:12:44-04:00 jc kernel: ath12k_wifi7_pci 0004:01:00.0: PM: failed to resume async: error -110
2026-09-22T10:12:44-04:00 jc kernel: OOM killer enabled.
2026-09-22T10:12:44-04:00 jc kernel: Restarting tasks: Starting
2026-09-22T10:12:44-04:00 jc kernel: usb 2-2: USB disconnect, device number 2
2026-09-22T10:12:44-04:00 jc kernel: Restarting tasks: Done
2026-09-22T10:12:44-04:00 jc kernel: efivarfs: resyncing variable state
2026-09-22T10:12:44-04:00 jc kernel: efivarfs: finished resyncing variable state
2026-09-22T10:12:44-04:00 jc kernel: random: crng reseeded on system resumption
2026-09-22T10:12:44-04:00 jc kernel: PM: suspend exit
2026-09-22T10:13:13-04:00 jc kernel: Unable to handle kernel paging request at virtual address ffff8000817e710c
2026-09-22T10:13:13-04:00 jc kernel: Mem abort info:
2026-09-22T10:13:13-04:00 jc kernel:   ESR = 0x0000000096000007
2026-09-22T10:13:13-04:00 jc kernel:   EC = 0x25: DABT (current EL), IL = 32 bits
2026-09-22T10:13:13-04:00 jc kernel:   SET = 0, FnV = 0
2026-09-22T10:13:13-04:00 jc kernel:   EA = 0, S1PTW = 0
2026-09-22T10:13:13-04:00 jc kernel:   FSC = 0x07: level 3 translation fault
2026-09-22T10:13:13-04:00 jc kernel: Data abort info:
2026-09-22T10:13:13-04:00 jc kernel:   ISV = 0, ISS = 0x00000007, ISS2 = 0x00000000
2026-09-22T10:13:13-04:00 jc kernel:   CM = 0, WnR = 0, TnD = 0, TagAccess = 0
2026-09-22T10:13:13-04:00 jc kernel:   GCS = 0, Overlay = 0, DirtyBit = 0
2026-09-22T10:13:13-04:00 jc kernel: swapper pgtable: 4k pages, 48-bit VAs, pgdp=0000000a87ee7000
2026-09-22T10:13:13-04:00 jc kernel: [ffff8000817e710c] pgd=100000088085d403, p4d=100000088085d403, pud=100000088085e403, pmd=1000000884c36403, pte=0000000000000000
2026-09-22T10:13:13-04:00 jc kernel: Internal error: Oops: 0000000096000007 [#1]  SMP
2026-09-22T10:13:13-04:00 jc kernel: Modules linked in: reset_gpio(E) snd_soc_wsa884x(E) regmap_sdw(E) gpio_shared_proxy(E) q6apm_lpass_dais(E) q6prm_clocks(E) snd_q6dsp_common(E) q6apm_dai(E) q6prm(E) snd_seq_dummy(E) snd_hrtimer(E) rfcomm(E) algif_hash(E) algif_skcipher(E) af_alg(E) bnep(E) snd_soc_hdmi_codec(E) qrtr_mhi(E) snd_q6apm(E) apr(E) binfmt_misc(E) nls_iso8859_1(E) panel_samsung_atna33xc20(E) fastrpc(E) rpmsg_ctrl(E) qrtr_smd(E) rpmsg_char(E) qcom_pd_mapper(E) msm(OE) ath12k_wifi7(E) ath12k(OE) snd_soc_lpass_wsa_macro(E) snd_soc_lpass_va_macro(E) soundwire_qcom(E) hci_uart(E) slimbus(E) snd_soc_lpass_macro_common(E) snd_soc_x1e80100(E) btqca(E) snd_soc_qcom_sdw(E) btrtl(E) snd_soc_qcom_common(E) soundwire_bus(E) btbcm(E) qcom_spmi_temp_alarm(E) snd_seq_midi(E) snd_seq_midi_event(E) ocmem(E) pm8941_pwrkey(E) btintel(E) snd_soc_core(E) ubwc_config(E) qcom_q6v5_pas(E) mac80211(E) industrialio(E) snd_rawmidi(E) snd_compress(E) bluetooth(E) ac97_bus(E) qcom_pil_info(E) snd_seq(E) snd_pcm_dmaengine(E) qcom_q6v5(E) gpu_sched(E)
2026-09-22T10:13:13-04:00 jc kernel:  qcom_sysmon(E) mdt_loader(E) drm_gpuvm(E) snd_pcm(E) snd_seq_device(E) drm_exec(E) qcom_common(E) snd_timer(E) cfg80211(E) asus_glymur_ec(OE) drm_dp_aux_bus(E) qcom_glink_smem(E) qcom_tsens(E) mhi(E) drm_display_helper(E) libarc4(E) snd(E) cec(E) qcom_glink(E) gpucc_glymur(OE) soundcore(E) rc_core(E) qcom_smd(E) qcomtee(E) tee(E) leds_gpio(E) display_connector(E) simple_bridge(E) input_leds(E) joydev(E) sch_fq_codel(E) efi_pstore(E) hid_asus(E) usbhid(E) hid_multitouch(E) uas(E) usb_storage(E) hid_generic(E) nvme(E) i2c_hid_of(E) nvme_core(E) i2c_hid_acpi_prp0001(E) i2c_hid(E) nvme_keyring(E) nvme_auth(E) xhci_plat_hcd(E) phy_nxp_ptn3222(E) hid(E) i2c_qcom_geni(E) rtc_pm8xxx(E) phy_qcom_eusb2_repeater(E) qcom_pon(E) reboot_mode(E) nvmem_qcom_spmi_sdam(E) pinctrl_spmi_gpio(E) qcom_spmi_pmic(E) regmap_spmi(E) ucsi_glink(E) typec_ucsi(E) qcom_battmgr(E) pmic_glink_altmode(E) aux_hpd_bridge(E) socinfo(E) aes_ce_blk(E) ghash_ce(E) spmi_pmic_arb(E) gf128mul(E) pinctrl_glymur(E) spmi_devres(E) sm4_ce_gcm(E)
2026-09-22T10:13:13-04:00 jc kernel:  phy_qcom_qmp_usb(E) qcom_stats(E) phy_qcom_qmp_combo(E) sm4_ce_ccm(E) sm4_ce(E) phy_qcom_edp(E) aux_bridge(E) sm4_ce_cipher(E) phy_qcom_m31_eusb2(E) spmi(E) sm4(E) dwc3_qcom(E) typec(E) qcom_aoss(E) dwc3(E) thunderbolt(E) pinctrl_sm8650_lpass_lpi(E) ulpi(E) camcc_glymur(E) dispcc_glymur(E) videocc_glymur(E) udc_core(E) pinctrl_lpass_lpi(E) gpi(E) evacc_glymur(E) qrtr(E) pmic_glink(E) pdr_interface(E) qcom_pdr_msg(E) qcom_rpmh_regulator(E) nvmem_qfprom(E) gxclkctl_kaanapali(E) llcc_qcom(E) qmi_helpers(E) qcom_hwspinlock(E) bam_dma(E) phy_qcom_qmp_pcie(E) tcsrcc_glymur(E) qcom_cpucp_mbox(E) gcc_glymur(E) rpmsg_core(E) icc_bwmon(E) smp2p(E) pwrseq_pcie_m2(E) gpio_keys(E) qcom_smem(E) fixed(E) qnoc_glymur(E) dmi_sysfs(E) autofs4(E)
2026-09-22T10:13:13-04:00 jc kernel: CPU: 2 UID: 0 PID: 1925 Comm: NetworkManager Tainted: G           OE       7.3.0-rc3-next-20260914 #1 PREEMPT(lazy) 
2026-09-22T10:13:13-04:00 jc kernel: Tainted: [O]=OOT_MODULE, [E]=UNSIGNED_MODULE
2026-09-22T10:13:13-04:00 jc kernel: Hardware name: ASUS Zenbook A16 UX3607OA/UX3607OA, BIOS UX3607OA.312 07/12/2026
2026-09-22T10:13:13-04:00 jc kernel: pstate: 81400009 (Nzcv daif +PAN -UAO -TCO +DIT -SSBS BTYPE=--)
2026-09-22T10:13:13-04:00 jc kernel: pc : ath12k_hal_srng_access_begin+0x10/0x60 [ath12k]
2026-09-22T10:13:13-04:00 jc kernel: lr : ath12k_ce_send+0xcc/0x2c0 [ath12k]
2026-09-22T10:13:13-04:00 jc kernel: sp : ffff80008bedb130
2026-09-22T10:13:13-04:00 jc kernel: x29: ffff80008bedb130 x28: 0000000000001ea8 x27: 000000000000001f
2026-09-22T10:13:13-04:00 jc kernel: x26: 0000000000000002 x25: ffff00082abd19f8 x24: ffff000826775200
2026-09-22T10:13:13-04:00 jc kernel: x23: 0000000000000003 x22: ffff00082abd4888 x21: ffff00082abd48d8
2026-09-22T10:13:13-04:00 jc kernel: x20: 0000000000000003 x19: ffff00082abd0000 x18: ffff8000817550e8
2026-09-22T10:13:13-04:00 jc kernel: x17: 0000000000000000 x16: 0000000000000000 x15: 0000000000000000
2026-09-22T10:13:13-04:00 jc kernel: x14: 0000000000000000 x13: 0000000000000000 x12: 0000000000000000
2026-09-22T10:13:13-04:00 jc kernel: x11: 0000000000000000 x10: 0000000000000000 x9 : ffffbfe4738b4a9c
2026-09-22T10:13:13-04:00 jc kernel: x8 : 0000000000000000 x7 : 0000000000000000 x6 : 0000000000000000
2026-09-22T10:13:13-04:00 jc kernel: x5 : 0000000000000000 x4 : 0000000000000000 x3 : 0000000000000000
2026-09-22T10:13:13-04:00 jc kernel: x2 : 0000000000000000 x1 : ffff00082abd4888 x0 : ffff8000817e710c
2026-09-22T10:13:13-04:00 jc kernel: Call trace:
2026-09-22T10:13:13-04:00 jc kernel:  ath12k_hal_srng_access_begin+0x10/0x60 [ath12k] (P)
2026-09-22T10:13:13-04:00 jc kernel:  ath12k_htc_send+0x190/0x360 [ath12k]
2026-09-22T10:13:13-04:00 jc kernel:  ath12k_wmi_cmd_send_nowait+0x6c/0xe8 [ath12k]
2026-09-22T10:13:13-04:00 jc kernel:  ath12k_wmi_cmd_send+0x4c/0x210 [ath12k]
2026-09-22T10:13:13-04:00 jc kernel:  ath12k_wmi_pdev_set_param+0x70/0x110 [ath12k]
2026-09-22T10:13:13-04:00 jc kernel:  ath12k_mac_op_start+0x1a8/0x5d8 [ath12k]
2026-09-22T10:13:13-04:00 jc kernel:  drv_start+0x50/0x2c0 [mac80211]
2026-09-22T10:13:13-04:00 jc kernel:  ieee80211_do_open+0x328/0xa88 [mac80211]
2026-09-22T10:13:13-04:00 jc kernel:  ieee80211_open+0xd4/0xe8 [mac80211]
2026-09-22T10:13:13-04:00 jc kernel:  __dev_open+0x174/0x380
2026-09-22T10:13:13-04:00 jc kernel:  __dev_change_flags+0x1bc/0x280
2026-09-22T10:13:13-04:00 jc kernel:  netif_change_flags+0x30/0xa0
2026-09-22T10:13:13-04:00 jc kernel:  do_setlink.isra.0+0x2b0/0x10f8
2026-09-22T10:13:13-04:00 jc kernel:  rtnl_newlink+0x930/0xdc0
2026-09-22T10:13:13-04:00 jc kernel:  rtnetlink_rcv_msg+0x34c/0x428
2026-09-22T10:13:13-04:00 jc kernel:  netlink_rcv_skb+0x74/0x170
2026-09-22T10:13:13-04:00 jc kernel:  rtnetlink_rcv+0x24/0x58
2026-09-22T10:13:13-04:00 jc kernel:  netlink_unicast+0x340/0x3b8
2026-09-22T10:13:13-04:00 jc kernel:  netlink_sendmsg+0x284/0x4a8
2026-09-22T10:13:13-04:00 jc kernel:  __sock_sendmsg+0x78/0x100
2026-09-22T10:13:13-04:00 jc kernel:  ____sys_sendmsg+0x268/0x308
2026-09-22T10:13:13-04:00 jc kernel:  ___sys_sendmsg+0xb4/0x138
2026-09-22T10:13:13-04:00 jc kernel:  __sys_sendmsg+0xa8/0x140
2026-09-22T10:13:13-04:00 jc kernel:  __arm64_sys_sendmsg+0x2c/0x58
2026-09-22T10:13:13-04:00 jc kernel:  invoke_syscall.constprop.0+0xb0/0x130
2026-09-22T10:13:13-04:00 jc kernel:  el0_svc_common.constprop.0+0x114/0x140
2026-09-22T10:13:13-04:00 jc kernel:  do_el0_svc+0x28/0x58
2026-09-22T10:13:13-04:00 jc kernel:  el0_svc+0x48/0x310
2026-09-22T10:13:13-04:00 jc kernel:  el0t_64_sync_handler+0xc0/0x110
2026-09-22T10:13:13-04:00 jc kernel:  el0t_64_sync+0x1b8/0x1c0
2026-09-22T10:13:13-04:00 jc kernel: Code: aa1e03e9 d503201f f9403c20 b9406822 (b9400000) 
2026-09-22T10:13:13-04:00 jc kernel: ---[ end trace 0000000000000000 ]---
2026-09-22T10:13:13-04:00 jc kernel: watchdog: BUG: soft lockup - CPU#1 stuck for 23s! [rcu_exp_par_gp_:16]
2026-09-22T10:13:13-04:00 jc kernel: Modules linked in: reset_gpio(E) snd_soc_wsa884x(E) regmap_sdw(E) gpio_shared_proxy(E) q6apm_lpass_dais(E) q6prm_clocks(E) snd_q6dsp_common(E) q6apm_dai(E) q6prm(E) snd_seq_dummy(E) snd_hrtimer(E) rfcomm(E) algif_hash(E) algif_skcipher(E) af_alg(E) bnep(E) snd_soc_hdmi_codec(E) qrtr_mhi(E) snd_q6apm(E) apr(E) binfmt_misc(E) nls_iso8859_1(E) panel_samsung_atna33xc20(E) fastrpc(E) rpmsg_ctrl(E) qrtr_smd(E) rpmsg_char(E) qcom_pd_mapper(E) msm(OE) ath12k_wifi7(E) ath12k(OE) snd_soc_lpass_wsa_macro(E) snd_soc_lpass_va_macro(E) soundwire_qcom(E) hci_uart(E) slimbus(E) snd_soc_lpass_macro_common(E) snd_soc_x1e80100(E) btqca(E) snd_soc_qcom_sdw(E) btrtl(E) snd_soc_qcom_common(E) soundwire_bus(E) btbcm(E) qcom_spmi_temp_alarm(E) snd_seq_midi(E) snd_seq_midi_event(E) ocmem(E) pm8941_pwrkey(E) btintel(E) snd_soc_core(E) ubwc_config(E) qcom_q6v5_pas(E) mac80211(E) industrialio(E) snd_rawmidi(E) snd_compress(E) bluetooth(E) ac97_bus(E) qcom_pil_info(E) snd_seq(E) snd_pcm_dmaengine(E) qcom_q6v5(E) gpu_sched(E)
2026-09-22T10:13:13-04:00 jc kernel:  qcom_sysmon(E) mdt_loader(E) drm_gpuvm(E) snd_pcm(E) snd_seq_device(E) drm_exec(E) qcom_common(E) snd_timer(E) cfg80211(E) asus_glymur_ec(OE) drm_dp_aux_bus(E) qcom_glink_smem(E) qcom_tsens(E) mhi(E) drm_display_helper(E) libarc4(E) snd(E) cec(E) qcom_glink(E) gpucc_glymur(OE) soundcore(E) rc_core(E) qcom_smd(E) qcomtee(E) tee(E) leds_gpio(E) display_connector(E) simple_bridge(E) input_leds(E) joydev(E) sch_fq_codel(E) efi_pstore(E) hid_asus(E) usbhid(E) hid_multitouch(E) uas(E) usb_storage(E) hid_generic(E) nvme(E) i2c_hid_of(E) nvme_core(E) i2c_hid_acpi_prp0001(E) i2c_hid(E) nvme_keyring(E) nvme_auth(E) xhci_plat_hcd(E) phy_nxp_ptn3222(E) hid(E) i2c_qcom_geni(E) rtc_pm8xxx(E) phy_qcom_eusb2_repeater(E) qcom_pon(E) reboot_mode(E) nvmem_qcom_spmi_sdam(E) pinctrl_spmi_gpio(E) qcom_spmi_pmic(E) regmap_spmi(E) ucsi_glink(E) typec_ucsi(E) qcom_battmgr(E) pmic_glink_altmode(E) aux_hpd_bridge(E) socinfo(E) aes_ce_blk(E) ghash_ce(E) spmi_pmic_arb(E) gf128mul(E) pinctrl_glymur(E) spmi_devres(E) sm4_ce_gcm(E)
2026-09-22T10:13:13-04:00 jc kernel:  phy_qcom_qmp_usb(E) qcom_stats(E) phy_qcom_qmp_combo(E) sm4_ce_ccm(E) sm4_ce(E) phy_qcom_edp(E) aux_bridge(E) sm4_ce_cipher(E) phy_qcom_m31_eusb2(E) spmi(E) sm4(E) dwc3_qcom(E) typec(E) qcom_aoss(E) dwc3(E) thunderbolt(E) pinctrl_sm8650_lpass_lpi(E) ulpi(E) camcc_glymur(E) dispcc_glymur(E) videocc_glymur(E) udc_core(E) pinctrl_lpass_lpi(E) gpi(E) evacc_glymur(E) qrtr(E) pmic_glink(E) pdr_interface(E) qcom_pdr_msg(E) qcom_rpmh_regulator(E) nvmem_qfprom(E) gxclkctl_kaanapali(E) llcc_qcom(E) qmi_helpers(E) qcom_hwspinlock(E) bam_dma(E) phy_qcom_qmp_pcie(E) tcsrcc_glymur(E) qcom_cpucp_mbox(E) gcc_glymur(E) rpmsg_core(E) icc_bwmon(E) smp2p(E) pwrseq_pcie_m2(E) gpio_keys(E) qcom_smem(E) fixed(E) qnoc_glymur(E) dmi_sysfs(E) autofs4(E)
2026-09-22T10:13:13-04:00 jc kernel: CPU: 1 UID: 0 PID: 16 Comm: rcu_exp_par_gp_ Tainted: G      D    OE       7.3.0-rc3-next-20260914 #1 PREEMPT(lazy) 
2026-09-22T10:13:13-04:00 jc kernel: Tainted: [D]=DIE, [O]=OOT_MODULE, [E]=UNSIGNED_MODULE
2026-09-22T10:13:13-04:00 jc kernel: Hardware name: ASUS Zenbook A16 UX3607OA/UX3607OA, BIOS UX3607OA.312 07/12/2026
2026-09-22T10:13:13-04:00 jc kernel: pstate: 21400009 (nzCv daif +PAN -UAO -TCO +DIT -SSBS BTYPE=--)
2026-09-22T10:13:13-04:00 jc kernel: pc : __smp_call_function_single+0x114/0x2b0
2026-09-22T10:13:13-04:00 jc kernel: lr : smp_call_function_single+0x24/0x58
2026-09-22T10:13:13-04:00 jc kernel: sp : ffff80008016bd10
2026-09-22T10:13:13-04:00 jc kernel: x29: ffff80008016bd80 x28: 0000000000000020 x27: ffff000800bfa2c0
2026-09-22T10:13:13-04:00 jc kernel: x26: 0000000000000001 x25: 0000000000000024 x24: ffffbfe4c0e0fd80
2026-09-22T10:13:13-04:00 jc kernel: x23: ffffbfe4c1a9ff60 x22: 00000000000001db x21: ffff008af9d1cd80
2026-09-22T10:13:13-04:00 jc kernel: x20: 0000000000000000 x19: ffff008af9c311c0 x18: ffff80008010d030
2026-09-22T10:13:13-04:00 jc kernel: x17: 0000000000000000 x16: 0000000000000000 x15: 0000000000000000
2026-09-22T10:13:13-04:00 jc kernel: x14: 0000000000000000 x13: 0000000000000000 x12: 0000000000000000
2026-09-22T10:13:13-04:00 jc kernel: x11: 00000000000000c0 x10: 90d90d2665cb3f4a x9 : ffffbfe4bde18f9c
2026-09-22T10:13:13-04:00 jc kernel: x8 : 0000000000000000 x7 : 0000000000000000 x6 : ffffbfe4bdda2530
2026-09-22T10:13:13-04:00 jc kernel: x5 : 0000000000000000 x4 : ffff008af9c311c8 x3 : 0000000000000001
2026-09-22T10:13:13-04:00 jc kernel: x2 : 0000000000000002 x1 : ffff40a638e21000 x0 : 0000000000000005
2026-09-22T10:13:13-04:00 jc kernel: Call trace:
2026-09-22T10:13:13-04:00 jc kernel:  __smp_call_function_single+0x114/0x2b0 (P)
2026-09-22T10:13:13-04:00 jc kernel:  smp_call_function_single+0x24/0x58
2026-09-22T10:13:13-04:00 jc kernel:  __sync_rcu_exp_select_node_cpus+0x23c/0x448
2026-09-22T10:13:13-04:00 jc kernel:  sync_rcu_exp_select_node_cpus+0x20/0x48
2026-09-22T10:13:13-04:00 jc kernel:  kthread_worker_fn+0xfc/0x3d0
2026-09-22T10:13:13-04:00 jc kernel:  kthread+0x138/0x150
2026-09-22T10:13:13-04:00 jc kernel:  ret_from_fork+0x10/0x20
